---
source: tests/tui_snapshots.rs
expression: render_to_string(&mut a)
---
 🧪  Helixir    📦  Module 2/2   📝  Exercise 2/2   [?] help

┌ 📚  Exercises ────────────────────┐┌ Exercise Detail ─────────────────────────────────────────────────────────────────┐
│ ▼ 🗂  Movement (1/2)              ││                                                                                  │
│                                  ││  ⭐ ⭐  Select 2                                                                   │
│    ✅  Move 1                     ││  Category: Selection   Difficulty: 2/3                                           │
│       Move 2                     ││                                                                                  │
│                                  ││  ⌨️   COMMANDS                                                                    │
│ ▼ 🗂  Selection (1/2)             ││                                                                                  │
│                                  ││     x       line                                                                 │
│       Select 1                   ││     h       left                                                                 │
│    ✅  Select 2                   ││                                                                                  │
│                                  ││  📋  INSTRUCTIONS                                                                 │
│                                  ││                                                                                  │
│                                  ││     Instructions for Select 2                                                    │
│                                  ││                                                                                  │
│                                  ││                                                                                  │
│                                  ││  ───────────────────────────────────────────                                     │
│                                  ││                                                                                  │
│                                  ││  ✅  PASSED!                                                                      │
│                                  ││                                                                                  │
│                                  ││                                                                                  │
│                                  ││                                                                                  │
│                                  ││                                                                                  │
│                                  ││                                                                                  │
│                                  ││  ── end ──                                                                       │
│                                  ││                                                                                  │
│                                  ││                                                                                  │
│                                  ││                                                                                  │
│                                  ││                                                                                  │
│                                  ││                                                                                  │
│                                  ││                                                                                  │
│                                  ││                                                                                  │
│                                  ││                                                                                  │
│                                  ││                                                                                  │
│                                  ││                                                                                  │
│                                  ││                                                                                  │
└──────────────────────────────────┘└──────────────────────────────────────────────────────────────────────────────────┘

  🏆  ██████████░░░░░░░░░░ 2/4 (50%)      💡 [space] hint  🔄 [r] reset  ⏭️  [n] next  🚪 [q] quit      👀  Watching...
